2026-04-13 20:22:31,575 - ERROR - Failed to load pickle file: Model not found at /Users/nyde/Documents/JOSEPH/ALGONQUIN/BISI L2/BUSINESS INTELLIGENCE PROGRAMMING/invqtoolv2/src/models/scf_xgb_model.pkl
2026-04-13 20:22:31,576 - ERROR - Error loading model: Model not found at /Users/nyde/Documents/JOSEPH/ALGONQUIN/BISI L2/BUSINESS INTELLIGENCE PROGRAMMING/invqtoolv2/src/models/scf_xgb_model.pkl
2026-04-13 20:22:48,049 - ERROR - Failed to load pickle file: Model not found at /Users/nyde/Documents/JOSEPH/ALGONQUIN/BISI L2/BUSINESS INTELLIGENCE PROGRAMMING/invqtoolv2/src/models/scf_xgb_model.pkl
2026-04-13 20:22:48,049 - ERROR - Error loading model: Model not found at /Users/nyde/Documents/JOSEPH/ALGONQUIN/BISI L2/BUSINESS INTELLIGENCE PROGRAMMING/invqtoolv2/src/models/scf_xgb_model.pkl
2026-04-13 20:22:48,078 - INFO - Client  data processed and session stored.
2026-04-13 20:22:54,847 - ERROR - Failed to load pickle file: Model not found at /Users/nyde/Documents/JOSEPH/ALGONQUIN/BISI L2/BUSINESS INTELLIGENCE PROGRAMMING/invqtoolv2/src/models/scf_xgb_model.pkl
2026-04-13 20:22:54,847 - ERROR - Error loading model: Model not found at /Users/nyde/Documents/JOSEPH/ALGONQUIN/BISI L2/BUSINESS INTELLIGENCE PROGRAMMING/invqtoolv2/src/models/scf_xgb_model.pkl
2026-04-13 20:26:08,560 - ERROR - Failed to load pickle file: Model not found at /Users/nyde/Documents/JOSEPH/ALGONQUIN/BISI L2/BUSINESS INTELLIGENCE PROGRAMMING/invqtoolv2/src/models/scf_xgb_model.pkl
2026-04-13 20:26:08,561 - ERROR - Error loading model: Model not found at /Users/nyde/Documents/JOSEPH/ALGONQUIN/BISI L2/BUSINESS INTELLIGENCE PROGRAMMING/invqtoolv2/src/models/scf_xgb_model.pkl
2026-04-13 20:26:11,700 - ERROR - Failed to load pickle file: Model not found at /Users/nyde/Documents/JOSEPH/ALGONQUIN/BISI L2/BUSINESS INTELLIGENCE PROGRAMMING/invqtoolv2/src/models/scf_xgb_model.pkl
2026-04-13 20:26:11,701 - ERROR - Error loading model: Model not found at /Users/nyde/Documents/JOSEPH/ALGONQUIN/BISI L2/BUSINESS INTELLIGENCE PROGRAMMING/invqtoolv2/src/models/scf_xgb_model.pkl
2026-04-13 20:26:11,727 - INFO - Client  data processed and session stored.
2026-04-13 20:26:16,766 - ERROR - Failed to load pickle file: Model not found at /Users/nyde/Documents/JOSEPH/ALGONQUIN/BISI L2/BUSINESS INTELLIGENCE PROGRAMMING/invqtoolv2/src/models/scf_xgb_model.pkl
2026-04-13 20:26:16,767 - ERROR - Error loading model: Model not found at /Users/nyde/Documents/JOSEPH/ALGONQUIN/BISI L2/BUSINESS INTELLIGENCE PROGRAMMING/invqtoolv2/src/models/scf_xgb_model.pkl
2026-04-13 20:27:37,131 - ERROR - Failed to load pickle file: Model not found at /Users/nyde/Documents/JOSEPH/ALGONQUIN/BISI L2/BUSINESS INTELLIGENCE PROGRAMMING/invqtoolv2/src/models/scf_xgb_model.pkl
2026-04-13 20:27:37,131 - ERROR - Error loading model: Model not found at /Users/nyde/Documents/JOSEPH/ALGONQUIN/BISI L2/BUSINESS INTELLIGENCE PROGRAMMING/invqtoolv2/src/models/scf_xgb_model.pkl
2026-04-13 20:27:39,952 - ERROR - Failed to load pickle file: Model not found at /Users/nyde/Documents/JOSEPH/ALGONQUIN/BISI L2/BUSINESS INTELLIGENCE PROGRAMMING/invqtoolv2/src/models/scf_xgb_model.pkl
2026-04-13 20:27:39,952 - ERROR - Error loading model: Model not found at /Users/nyde/Documents/JOSEPH/ALGONQUIN/BISI L2/BUSINESS INTELLIGENCE PROGRAMMING/invqtoolv2/src/models/scf_xgb_model.pkl
2026-04-13 20:27:39,975 - INFO - Client  data stored for prediction.
2026-04-13 20:27:45,333 - ERROR - Failed to load pickle file: Model not found at /Users/nyde/Documents/JOSEPH/ALGONQUIN/BISI L2/BUSINESS INTELLIGENCE PROGRAMMING/invqtoolv2/src/models/scf_xgb_model.pkl
2026-04-13 20:27:45,334 - ERROR - Error loading model: Model not found at /Users/nyde/Documents/JOSEPH/ALGONQUIN/BISI L2/BUSINESS INTELLIGENCE PROGRAMMING/invqtoolv2/src/models/scf_xgb_model.pkl
2026-04-13 20:27:47,694 - ERROR - Failed to load pickle file: Model not found at /Users/nyde/Documents/JOSEPH/ALGONQUIN/BISI L2/BUSINESS INTELLIGENCE PROGRAMMING/invqtoolv2/src/models/scf_xgb_model.pkl
2026-04-13 20:27:47,694 - ERROR - Error loading model: Model not found at /Users/nyde/Documents/JOSEPH/ALGONQUIN/BISI L2/BUSINESS INTELLIGENCE PROGRAMMING/invqtoolv2/src/models/scf_xgb_model.pkl
2026-04-13 20:28:01,775 - ERROR - Failed to load pickle file: Model not found at /Users/nyde/Documents/JOSEPH/ALGONQUIN/BISI L2/BUSINESS INTELLIGENCE PROGRAMMING/invqtoolv2/src/models/scf_xgb_model.pkl
2026-04-13 20:28:01,775 - ERROR - Error loading model: Model not found at /Users/nyde/Documents/JOSEPH/ALGONQUIN/BISI L2/BUSINESS INTELLIGENCE PROGRAMMING/invqtoolv2/src/models/scf_xgb_model.pkl
2026-04-13 20:28:12,546 - ERROR - Failed to load pickle file: Model not found at /Users/nyde/Documents/JOSEPH/ALGONQUIN/BISI L2/BUSINESS INTELLIGENCE PROGRAMMING/invqtoolv2/src/models/scf_xgb_model.pkl
2026-04-13 20:28:12,547 - ERROR - Error loading model: Model not found at /Users/nyde/Documents/JOSEPH/ALGONQUIN/BISI L2/BUSINESS INTELLIGENCE PROGRAMMING/invqtoolv2/src/models/scf_xgb_model.pkl
2026-04-13 20:30:36,351 - ERROR - Failed to load pickle file: Model not found at /Users/nyde/Documents/JOSEPH/ALGONQUIN/BISI L2/BUSINESS INTELLIGENCE PROGRAMMING/invqtoolv2/src/models/scf_xgb_model.pkl
2026-04-13 20:30:36,352 - ERROR - Error loading model: Model not found at /Users/nyde/Documents/JOSEPH/ALGONQUIN/BISI L2/BUSINESS INTELLIGENCE PROGRAMMING/invqtoolv2/src/models/scf_xgb_model.pkl
2026-04-13 20:30:41,786 - ERROR - Failed to load pickle file: Model not found at /Users/nyde/Documents/JOSEPH/ALGONQUIN/BISI L2/BUSINESS INTELLIGENCE PROGRAMMING/invqtoolv2/src/models/scf_xgb_model.pkl
2026-04-13 20:30:41,786 - ERROR - Error loading model: Model not found at /Users/nyde/Documents/JOSEPH/ALGONQUIN/BISI L2/BUSINESS INTELLIGENCE PROGRAMMING/invqtoolv2/src/models/scf_xgb_model.pkl
2026-04-13 20:30:42,762 - ERROR - Failed to load pickle file: Model not found at /Users/nyde/Documents/JOSEPH/ALGONQUIN/BISI L2/BUSINESS INTELLIGENCE PROGRAMMING/invqtoolv2/src/models/scf_xgb_model.pkl
2026-04-13 20:30:42,762 - ERROR - Error loading model: Model not found at /Users/nyde/Documents/JOSEPH/ALGONQUIN/BISI L2/BUSINESS INTELLIGENCE PROGRAMMING/invqtoolv2/src/models/scf_xgb_model.pkl
2026-04-13 20:30:43,541 - ERROR - Failed to load pickle file: Model not found at /Users/nyde/Documents/JOSEPH/ALGONQUIN/BISI L2/BUSINESS INTELLIGENCE PROGRAMMING/invqtoolv2/src/models/scf_xgb_model.pkl
2026-04-13 20:30:43,541 - ERROR - Error loading model: Model not found at /Users/nyde/Documents/JOSEPH/ALGONQUIN/BISI L2/BUSINESS INTELLIGENCE PROGRAMMING/invqtoolv2/src/models/scf_xgb_model.pkl
2026-04-13 20:32:38,114 - ERROR - Failed to load pickle file: Model not found at /Users/nyde/Documents/JOSEPH/ALGONQUIN/BISI L2/BUSINESS INTELLIGENCE PROGRAMMING/invqtoolv2/src/models/scf_xgb_model.pkl
2026-04-13 20:32:38,114 - ERROR - Critical error loading model: Model not found at /Users/nyde/Documents/JOSEPH/ALGONQUIN/BISI L2/BUSINESS INTELLIGENCE PROGRAMMING/invqtoolv2/src/models/scf_xgb_model.pkl
2026-04-13 20:38:35,710 - ERROR - Failed to load pickle file: Model not found at /Users/nyde/Documents/JOSEPH/ALGONQUIN/BISI L2/BUSINESS INTELLIGENCE PROGRAMMING/invqtoolv2/models/scf_xgb_model.pkl
2026-04-13 20:40:34,019 - INFO - Successfully loaded model from: /Users/nyde/Documents/JOSEPH/ALGONQUIN/BISI L2/BUSINESS INTELLIGENCE PROGRAMMING/invqtoolv2/model/scf_xgb_model.pkl
2026-04-13 20:57:26,808 - INFO - Successfully loaded model from: /Users/nyde/Documents/JOSEPH/ALGONQUIN/BISI L2/BUSINESS INTELLIGENCE PROGRAMMING/invqtoolv2/model/scf_xgb_model.pkl
2026-04-13 21:00:18,788 - INFO - Successfully loaded model from: /Users/nyde/Documents/JOSEPH/ALGONQUIN/BISI L2/BUSINESS INTELLIGENCE PROGRAMMING/invqtoolv2/model/scf_xgb_model.pkl
2026-04-13 21:02:02,667 - INFO - Successfully loaded model from: /Users/nyde/Documents/JOSEPH/ALGONQUIN/BISI L2/BUSINESS INTELLIGENCE PROGRAMMING/invqtoolv2/model/scf_xgb_model.pkl
2026-04-13 21:21:06,268 - INFO - Successfully loaded model from: /Users/nyde/Documents/JOSEPH/ALGONQUIN/BISI L2/BUSINESS INTELLIGENCE PROGRAMMING/invqtoolv2/model/scf_xgb_model.pkl
