2026-04-07 21:29:06,685 - INFO - Linear Regression model loaded successfully.
2026-04-07 21:29:12,430 - INFO - Linear Regression model loaded successfully.
2026-04-07 21:29:12,443 - INFO - Prediction successful: 15192.240738602275
2026-04-07 21:29:22,105 - INFO - Clustering model loaded successfully.
2026-04-07 21:29:25,121 - INFO - Clustering model loaded successfully.
2026-04-07 21:29:25,249 - INFO - Successful. Input: [[0, 0, 0]] | Cluster: 0
2026-04-07 21:29:34,539 - INFO - Clustering model loaded successfully.
2026-04-07 21:29:34,571 - INFO - Successful. Input: [[100, 50, 20]] | Cluster: 2
2026-04-07 21:29:37,989 - INFO - Model and Scaler loaded successfully.
2026-04-07 21:29:41,842 - INFO - Model and Scaler loaded successfully.
2026-04-07 21:29:41,893 - INFO - Successful Prediction: 0 for inputs: [[0, 0, 0.0, 0.0, 0.0, 1, 0, 0, 0, 0, 0, 1]]
2026-04-07 21:29:47,607 - INFO - Random Forest model loaded successfully.
2026-04-07 21:29:50,122 - INFO - Random Forest model loaded successfully.
2026-04-07 21:29:50,133 - INFO - Prediction made: 0 for inputs: [[1, 0, 0, 0, 1, 1, 0, 0, 1, 0, 0, 1, 0, 0, 0, 1, 0, 0]]
2026-04-07 21:44:36,309 - INFO - Linear Regression model loaded successfully.
2026-04-07 21:44:58,758 - INFO - Linear Regression model loaded successfully.
2026-04-07 21:44:58,795 - INFO - Prediction successful: 16640.79012526664
2026-04-07 21:45:07,318 - INFO - Clustering model loaded successfully.
2026-04-07 21:45:31,066 - INFO - Clustering model loaded successfully.
2026-04-07 21:45:31,291 - INFO - Successful. Input: [[200, 60, 40]] Cluster: 2
2026-04-07 21:45:34,109 - INFO - Model and Scaler loaded successfully.
2026-04-07 21:45:56,075 - INFO - Model and Scaler loaded successfully.
2026-04-07 21:45:56,119 - INFO - Successful Prediction: 0 for inputs: [[300, 100, 3.75, 2.5, 7.5, 1, 0, 0, 0, 0, 0, 1]]
2026-04-07 21:46:01,978 - INFO - Model and Scaler loaded successfully.
2026-04-07 21:46:01,984 - INFO - Successful Prediction: 0 for inputs: [[300, 100, 3.75, 2.5, 9.0, 1, 0, 0, 0, 0, 0, 1]]
2026-04-07 21:46:03,924 - INFO - Model and Scaler loaded successfully.
2026-04-07 21:46:03,928 - INFO - Successful Prediction: 0 for inputs: [[300, 100, 3.75, 2.5, 9.0, 1, 0, 0, 0, 0, 0, 1]]
2026-04-07 21:46:07,439 - INFO - Model and Scaler loaded successfully.
2026-04-07 21:46:07,444 - INFO - Successful Prediction: 0 for inputs: [[300, 100, 3.75, 2.5, 9.0, 1, 0, 0, 0, 0, 0, 1]]
2026-04-07 21:46:12,456 - INFO - Model and Scaler loaded successfully.
2026-04-07 21:46:12,462 - INFO - Successful Prediction: 0 for inputs: [[300, 100, 3.75, 2.5, 9.0, 0, 0, 0, 1, 0, 0, 1]]
2026-04-07 21:46:19,481 - INFO - Model and Scaler loaded successfully.
2026-04-07 21:46:19,509 - INFO - Successful Prediction: 1 for inputs: [[300, 120, 3.75, 2.5, 9.0, 0, 0, 0, 1, 0, 0, 1]]
2026-04-07 21:46:29,135 - INFO - Random Forest model loaded successfully.
2026-04-07 21:46:32,718 - INFO - Random Forest model loaded successfully.
2026-04-07 21:46:42,021 - INFO - Random Forest model loaded successfully.
2026-04-07 21:46:57,138 - INFO - Random Forest model loaded successfully.
2026-04-07 21:47:01,945 - INFO - Random Forest model loaded successfully.
2026-04-07 21:47:08,050 - INFO - Random Forest model loaded successfully.
2026-04-07 21:47:12,630 - INFO - Random Forest model loaded successfully.
2026-04-07 21:47:18,135 - INFO - Random Forest model loaded successfully.
2026-04-07 21:51:47,773 - INFO - Linear Regression model loaded successfully.
2026-04-07 21:51:50,547 - INFO - Random Forest model loaded successfully.
2026-04-07 21:51:55,810 - INFO - Random Forest model loaded successfully.
2026-04-07 21:51:55,834 - ERROR - Error: The feature names should match those that were passed during fit.
Feature names unseen at fit time:
- ageGroupAdult
- ageGroupElderly
- ageGroupYoung
- fareGroupHigh
- fareGroupLow
- ...
Feature names seen at fit time, yet now missing:
- AgeGroup_Adult
- AgeGroup_Elderly
- AgeGroup_Young
- Embarked_C
- Embarked_Q
- ...

2026-04-07 21:55:04,426 - INFO - Linear Regression model loaded successfully.
2026-04-07 21:55:06,922 - INFO - Random Forest model loaded successfully.
2026-04-07 21:55:09,368 - INFO - Random Forest model loaded successfully.
2026-04-07 21:55:09,375 - ERROR - Error: The feature names should match those that were passed during fit.
Feature names unseen at fit time:
- ageGroupAdult
- ageGroupElderly
- ageGroupYoung
- fareGroupHigh
- fareGroupLow
- ...
Feature names seen at fit time, yet now missing:
- AgeGroup_Adult
- AgeGroup_Elderly
- AgeGroup_Young
- Embarked_C
- Embarked_Q
- ...

2026-04-07 22:04:07,432 - INFO - Linear Regression model loaded successfully.
2026-04-07 22:04:09,942 - INFO - Random Forest model loaded successfully.
2026-04-07 22:04:12,307 - INFO - Random Forest model loaded successfully.
2026-04-07 22:04:12,356 - ERROR - Error: The feature names should match those that were passed during fit.
Feature names unseen at fit time:
- ageGroupAdult
- ageGroupElderly
- ageGroupYoung
- fareGroupHigh
- fareGroupLow
- ...
Feature names seen at fit time, yet now missing:
- AgeGroup_Adult
- AgeGroup_Elderly
- AgeGroup_Young
- Embarked_C
- Embarked_Q
- ...

2026-04-07 22:08:46,365 - INFO - Linear Regression model loaded successfully.
2026-04-07 22:08:47,817 - INFO - Random Forest model loaded successfully.
2026-04-07 22:08:50,508 - INFO - Random Forest model loaded successfully.
2026-04-07 22:08:59,532 - INFO - Random Forest model loaded successfully.
2026-04-07 22:09:13,191 - INFO - Random Forest model loaded successfully.
2026-04-07 22:14:05,124 - INFO - Linear Regression model loaded successfully.
2026-04-07 22:14:06,312 - INFO - Random Forest model loaded successfully.
2026-04-07 22:14:08,579 - INFO - Random Forest model loaded successfully.
2026-04-07 22:14:12,819 - INFO - Random Forest model loaded successfully.
2026-04-07 22:14:18,163 - INFO - Random Forest model loaded successfully.
2026-04-07 22:14:22,566 - INFO - Random Forest model loaded successfully.
2026-04-07 22:14:27,104 - INFO - Random Forest model loaded successfully.
2026-04-07 22:17:05,353 - INFO - Random Forest model loaded successfully.
2026-04-07 22:17:07,226 - INFO - Random Forest model loaded successfully.
2026-04-07 22:17:14,951 - INFO - Random Forest model loaded successfully.
2026-04-07 22:17:25,392 - INFO - Random Forest model loaded successfully.
2026-04-07 22:17:28,593 - INFO - Random Forest model loaded successfully.
2026-04-07 22:17:32,689 - INFO - Random Forest model loaded successfully.
2026-04-07 22:17:36,129 - INFO - Random Forest model loaded successfully.
2026-04-07 22:17:39,811 - INFO - Random Forest model loaded successfully.
2026-04-07 22:17:44,068 - INFO - Random Forest model loaded successfully.
2026-04-07 22:17:49,314 - INFO - Random Forest model loaded successfully.
2026-04-07 22:17:52,691 - INFO - Random Forest model loaded successfully.
2026-04-07 22:18:11,362 - INFO - Random Forest model loaded successfully.
2026-04-07 22:18:21,710 - INFO - Random Forest model loaded successfully.
2026-04-07 22:18:25,590 - INFO - Random Forest model loaded successfully.
2026-04-07 22:18:54,900 - INFO - Random Forest model loaded successfully.
2026-04-07 22:18:56,370 - INFO - Random Forest model loaded successfully.
2026-04-07 22:19:00,801 - INFO - Random Forest model loaded successfully.
2026-04-07 22:19:19,860 - INFO - Linear Regression model loaded successfully.
2026-04-07 22:19:20,199 - INFO - Random Forest model loaded successfully.
2026-04-07 22:19:22,370 - INFO - Random Forest model loaded successfully.
2026-04-07 22:19:30,777 - INFO - Random Forest model loaded successfully.
2026-04-07 22:19:39,841 - INFO - Random Forest model loaded successfully.
2026-04-07 22:19:44,405 - INFO - Random Forest model loaded successfully.
2026-04-13 13:40:16,156 - INFO - Linear Regression model loaded successfully.
2026-04-13 13:40:19,521 - INFO - Linear Regression model loaded successfully.
2026-04-13 13:40:19,531 - INFO - Prediction successful: 15192.240738602275
2026-04-13 13:40:22,654 - INFO - Clustering model loaded successfully.
2026-04-13 13:40:24,223 - INFO - Clustering model loaded successfully.
2026-04-13 13:40:24,262 - INFO - Successful. Input: [[0, 0, 0]] Cluster: 0
2026-04-13 13:40:26,011 - INFO - Model and Scaler loaded successfully.
2026-04-13 13:40:28,707 - INFO - Model and Scaler loaded successfully.
2026-04-13 13:40:28,714 - INFO - Successful Prediction: 0 for inputs: [[0, 0, 0.0, 0.0, 0.0, 1, 0, 0, 0, 0, 0, 1]]
2026-04-13 13:40:31,530 - INFO - Random Forest model loaded successfully.
2026-04-13 13:40:33,535 - INFO - Random Forest model loaded successfully.
2026-04-13 13:40:33,546 - INFO - Prediction successful.
2026-04-13 13:40:36,815 - INFO - Linear Regression model loaded successfully.
2026-04-16 10:57:47,507 - ERROR - Error during prediction: could not convert string to float: 'Yes'
2026-04-16 10:59:52,836 - ERROR - Prediction error: could not convert string to float: 'Yes'
2026-04-16 11:00:57,667 - INFO - Successful prediction: 9990900389.497486
2026-04-16 11:02:42,768 - INFO - Successful prediction: 9990900389.497486
2026-04-16 11:02:48,880 - INFO - Successful prediction: 9990900389.497486
2026-04-16 19:18:33,377 - INFO - Successful prediction: 998982911.3629729
2026-04-16 19:18:58,848 - INFO - Clustering model loaded successfully.
2026-04-16 19:19:28,214 - INFO - Successful prediction: 998982911.3629729
2026-04-16 19:19:34,859 - INFO - Successful prediction: 99791152.84944761
